// Jest Snapshot v1, https://goo.gl/fbAQLP

exports[`renders an entry item correctly 1`] = `
<DocumentFragment>
  <li
    data-testid="entry"
  >
    <a
      href="/entry/1"
    >
      mocked entry 1
    </a>
  </li>
</DocumentFragment>
`;
